found BEGINEXPRESSION (
found PLUS
found EXPRESSIONELEMENT 1
found EXPRESSIONELEMENT 2
found ENDEXPRESSION )
