found number 23728376
found SYMBOLATOM :plop
found STRINGATOM "3230csdjsh  jcjsnkd the quick brown fox jumped over the lazy dog"
found id hereIsAnIdentifier22
found EXPRESSION (expression)
found EXPRESSION (1)
found empty EXPRESSION ()
found EXPRESSION (123456)
found EXPRESSION (:sa)
